// Jest Snapshot v1, https://goo.gl/fbAQLP

exports[`매핑 정본 대조 — 전 카테고리 성분 코드 집합 스냅샷(dropbox 확정본 8/14) 1`] = `
{
  "BUDDHIST": [
    "ABALONE",
    "ANCHOVY",
    "ASAFOETIDA",
    "BEEF",
    "BROTH",
    "CARMINE",
    "CHICKEN",
    "CHIVE",
    "CLAM",
    "COD",
    "CRAB",
    "CRAYFISH",
    "DASHI",
    "EGG",
    "FISH",
    "FISH_SAUCE",
    "GARLIC",
    "GELATIN",
    "LARD",
    "LOBSTER",
    "MACKEREL",
    "MUSSEL",
    "OCTOPUS",
    "ONION",
    "OYSTER",
    "OYSTER_SAUCE",
    "PORK",
    "POULTRY",
    "RENNET",
    "SALMON",
    "SALTED_SHRIMP",
    "SCALLION",
    "SCALLOP",
    "SEAFOOD",
    "SHORT_NECK_CLAM",
    "SHRIMP",
    "SQUID",
    "TALLOW",
    "TUNA",
    "WILD_CHIVE",
  ],
  "GLUTEN_FREE": [
    "BARLEY",
    "OAT",
    "RYE",
    "WHEAT",
  ],
  "HINDU": [
    "BEEF",
    "BROTH",
    "GELATIN",
    "RENNET",
    "TALLOW",
  ],
  "JAIN": [
    "ABALONE",
    "ANCHOVY",
    "BEEF",
    "BROTH",
    "CARMINE",
    "CARROT",
    "CHICKEN",
    "CHIVE",
    "CLAM",
    "COD",
    "CRAB",
    "CRAYFISH",
    "DASHI",
    "EGG",
    "FISH",
    "FISH_SAUCE",
    "GARLIC",
    "GELATIN",
    "HONEY",
    "LARD",
    "LOBSTER",
    "MACKEREL",
    "MUSSEL",
    "OCTOPUS",
    "ONION",
    "OYSTER",
    "OYSTER_SAUCE",
    "PORK",
    "POTATO",
    "POULTRY",
    "RENNET",
    "SALMON",
    "SALTED_SHRIMP",
    "SCALLION",
    "SCALLOP",
    "SEAFOOD",
    "SHORT_NECK_CLAM",
    "SHRIMP",
    "SQUID",
    "TALLOW",
    "TUNA",
    "WILD_CHIVE",
  ],
  "KOSHER": [
    "ABALONE",
    "BROTH",
    "CARMINE",
    "CLAM",
    "CRAB",
    "CRAYFISH",
    "GELATIN",
    "LARD",
    "LOBSTER",
    "MUSSEL",
    "OCTOPUS",
    "OYSTER",
    "OYSTER_SAUCE",
    "PORK",
    "RENNET",
    "SALTED_SHRIMP",
    "SCALLOP",
    "SEAFOOD",
    "SHORT_NECK_CLAM",
    "SHRIMP",
    "SQUID",
  ],
  "LACTOSE_FREE": [
    "BUTTER",
    "CHEESE",
    "DAIRY",
    "GHEE",
    "GOAT_MILK",
    "MILK",
  ],
  "LACTO_VEGETARIAN": [
    "ABALONE",
    "ANCHOVY",
    "BEEF",
    "BROTH",
    "CARMINE",
    "CHICKEN",
    "CLAM",
    "COD",
    "CRAB",
    "CRAYFISH",
    "DASHI",
    "EGG",
    "FISH",
    "FISH_SAUCE",
    "GELATIN",
    "LARD",
    "LOBSTER",
    "MACKEREL",
    "MUSSEL",
    "OCTOPUS",
    "OYSTER",
    "OYSTER_SAUCE",
    "PORK",
    "POULTRY",
    "RENNET",
    "SALMON",
    "SALTED_SHRIMP",
    "SCALLOP",
    "SEAFOOD",
    "SHORT_NECK_CLAM",
    "SHRIMP",
    "SQUID",
    "TALLOW",
    "TUNA",
  ],
  "MUSLIM": [
    "ALCOHOL",
    "BROTH",
    "CARMINE",
    "COOKING_WINE",
    "GELATIN",
    "LARD",
    "MIRIN",
    "PORK",
    "RENNET",
    "TALLOW",
  ],
  "NO_ALCOHOL": [
    "ALCOHOL",
    "COOKING_WINE",
    "MIRIN",
  ],
  "NUT_ALLERGY": [
    "ALMOND",
    "BRAZIL_NUT",
    "CASHEW",
    "CHESTNUT",
    "HAZELNUT",
    "MACADAMIA",
    "PECAN",
    "PINE_NUT",
    "PISTACHIO",
    "WALNUT",
  ],
  "OVO_VEGETARIAN": [
    "ABALONE",
    "ANCHOVY",
    "BEEF",
    "BROTH",
    "BUTTER",
    "CARMINE",
    "CHEESE",
    "CHICKEN",
    "CLAM",
    "COD",
    "CRAB",
    "CRAYFISH",
    "DAIRY",
    "DASHI",
    "FISH",
    "FISH_SAUCE",
    "GELATIN",
    "GHEE",
    "GOAT_MILK",
    "LARD",
    "LOBSTER",
    "MACKEREL",
    "MILK",
    "MUSSEL",
    "OCTOPUS",
    "OYSTER",
    "OYSTER_SAUCE",
    "PORK",
    "POULTRY",
    "RENNET",
    "SALMON",
    "SALTED_SHRIMP",
    "SCALLOP",
    "SEAFOOD",
    "SHORT_NECK_CLAM",
    "SHRIMP",
    "SQUID",
    "TALLOW",
    "TUNA",
  ],
  "PESCATARIAN": [
    "BEEF",
    "BROTH",
    "CARMINE",
    "CHICKEN",
    "GELATIN",
    "LARD",
    "PORK",
    "POULTRY",
    "RENNET",
    "TALLOW",
  ],
  "SHELLFISH_ALLERGY": [
    "ABALONE",
    "CLAM",
    "CRAB",
    "CRAYFISH",
    "LOBSTER",
    "MUSSEL",
    "OCTOPUS",
    "OYSTER",
    "OYSTER_SAUCE",
    "SALTED_SHRIMP",
    "SCALLOP",
    "SEAFOOD",
    "SHORT_NECK_CLAM",
    "SHRIMP",
    "SQUID",
  ],
  "VEGAN": [
    "ABALONE",
    "ANCHOVY",
    "BEEF",
    "BROTH",
    "BUTTER",
    "CARMINE",
    "CHEESE",
    "CHICKEN",
    "CLAM",
    "COD",
    "CRAB",
    "CRAYFISH",
    "DAIRY",
    "DASHI",
    "EGG",
    "FISH",
    "FISH_SAUCE",
    "GELATIN",
    "GHEE",
    "GOAT_MILK",
    "HONEY",
    "LARD",
    "LOBSTER",
    "MACKEREL",
    "MILK",
    "MUSSEL",
    "OCTOPUS",
    "OYSTER",
    "OYSTER_SAUCE",
    "PORK",
    "POULTRY",
    "RENNET",
    "SALMON",
    "SALTED_SHRIMP",
    "SCALLOP",
    "SEAFOOD",
    "SHORT_NECK_CLAM",
    "SHRIMP",
    "SQUID",
    "TALLOW",
    "TUNA",
  ],
  "VEGETARIAN": [
    "ABALONE",
    "ANCHOVY",
    "BEEF",
    "BROTH",
    "CARMINE",
    "CHICKEN",
    "CLAM",
    "COD",
    "CRAB",
    "CRAYFISH",
    "DASHI",
    "FISH",
    "FISH_SAUCE",
    "GELATIN",
    "LARD",
    "LOBSTER",
    "MACKEREL",
    "MUSSEL",
    "OCTOPUS",
    "OYSTER",
    "OYSTER_SAUCE",
    "PORK",
    "POULTRY",
    "RENNET",
    "SALMON",
    "SALTED_SHRIMP",
    "SCALLOP",
    "SEAFOOD",
    "SHORT_NECK_CLAM",
    "SHRIMP",
    "SQUID",
    "TALLOW",
    "TUNA",
  ],
}
`;
